[12:12:48.615] [INFO] storybook v10.3.6
[12:12:48.726] [DEBUG] Getting package.json info for /home/diogobarros/Documents/brason_solutions/lotus-care/package.json...
[12:12:49.272] [DEBUG] Serving static files from [36mpublic[39m at [36m/[39m
[12:12:49.274] [INFO] Starting...
[12:12:49.381] [DEBUG] Starting preview..
[12:12:49.397] [INFO] Addon-docs: using MDX3
[12:12:49.410] [INFO] Using implicit CSS loaders
[12:12:49.475] [INFO] Using SWC as compiler
[12:12:49.493] [INFO] Using default Webpack5 setup
[12:12:49.709] [DEBUG] Using tsconfig paths for react-docgen
[12:12:51.082] [ERROR] Failed to build the preview
[12:12:51.083] [WARN] Force closed preview build
[12:12:51.084] [ERROR] [38;2;241;97;97mSB_BUILDER-WEBPACK5_0003 (WebpackCompilationError): There were problems when compiling your code with Webpack.
Run Storybook with --debug-webpack for more information.[39m
    at starter (file://./node_modules/@storybook/builder-webpack5/dist/index.js:799:11)
    at starter.next (<anonymous>)
    at Module.start (file://./node_modules/@storybook/builder-webpack5/dist/index.js:857:34)
    at process.processTicksAndRejections (node:internal/process/task_queues:104:5)
    at async storybookDevServer (file://./node_modules/storybook/dist/core-server/index.js:7503:83)
    at async buildOrThrow (file://./node_modules/storybook/dist/core-server/index.js:4508:12)
    at async buildDevStandalone (file://./node_modules/storybook/dist/core-server/index.js:8033:41)
    at async withTelemetry (file://./node_modules/storybook/dist/_node-chunks/chunk-UYONHJJP.js:225:12)
    at async dev (file://./node_modules/storybook/dist/bin/core.js:2736:3)
    at async _Command.<anonymous> (file://./node_modules/storybook/dist/bin/core.js:2806:92)
[12:12:51.085] [WARN] Broken build, fix the error above.
You may need to refresh the browser.